// Jest Snapshot v1, https://goo.gl/fbAQLP

exports[`[Snapshot] <Tags /> should render a button with a label 1`] = `
<Tagsstyle__StyledTags>
  <Button>
    <FormattedMessage
      id="tags.add-tag"
      values={Object {}}
    />
  </Button>
  <GenericTable
    columnsConfig={
      Array [
        Object {
          "columnWidth": 75,
          "index": 0,
          "key": "id",
          "name": "id",
        },
        Object {
          "columnWidth": 300,
          "index": 1,
          "key": "code",
          "name": "code",
        },
        Object {
          "columnWidth": 300,
          "index": 2,
          "key": "description",
          "name": "decription",
        },
        Object {
          "columnWidth": 200,
          "index": 6,
          "key": "creationDate",
          "name": "creationDate",
        },
      ]
    }
    fixedColumnCount={2}
  />
</Tagsstyle__StyledTags>
`;
