// Jest Snapshot v1, https://goo.gl/fbAQLP

exports[`[Snapshot] <Tags /> should render Tags page 1`] = `
<Tagsstyle__StyledTags>
  <Tagsstyle__LoaderContainer>
    <Loader />
  </Tagsstyle__LoaderContainer>
  <Button
    disabled={true}
    onClick={[Function]}
  >
    <FormattedMessage
      id="tags.add-tag"
      values={Object {}}
    />
  </Button>
  <GenericTable
    columnsConfig={
      Array [
        Object {
          "columnWidth": 75,
          "index": 0,
          "key": "id",
          "name": "id",
          "renderer": [Function],
        },
        Object {
          "columnWidth": 300,
          "index": 1,
          "key": "code",
          "name": "code",
          "renderer": [Function],
        },
        Object {
          "columnWidth": 300,
          "index": 2,
          "key": "description",
          "name": "decription",
          "renderer": [Function],
        },
        Object {
          "columnWidth": 200,
          "index": 6,
          "key": "creationDate",
          "name": "creationDate",
          "renderer": [Function],
        },
        Object {
          "columnWidth": 50,
          "index": 7,
          "key": "delete",
          "name": "delete",
          "renderer": [Function],
        },
        Object {
          "columnWidth": 80,
          "index": 8,
          "key": "update",
          "name": "update",
          "renderer": [Function],
        },
      ]
    }
    fixedColumnCount={0}
    options={
      Object {
        "openDeleteTagModal": [Function],
        "openUpdateTagModal": [Function],
      }
    }
    values={Array []}
  />
  <Connect(AddTagModal)
    id="addTagModal"
    isOpen={false}
    setAddTagModalValue={[Function]}
  />
  <Connect(UpdateTagModal)
    id="updateTagModal"
    isOpen={false}
    setUpdateTagModalValue={[Function]}
  />
  <Connect(DeleteTagModal)
    closeRemoveTageModal={[Function]}
    id="deleteTagModal"
    isOpen={false}
  />
</Tagsstyle__StyledTags>
`;
