// Jest Snapshot v1, https://goo.gl/fbAQLP

exports[`[Snapshot] <Tags /> should render Tags page 1`] = `
<Tagsstyle__StyledTags>
  <Tagsstyle__ErrorMessage />
  <GenericTable
    columnsConfig={
      Array [
        Object {
          "columnWidth": 10,
          "index": 0,
          "key": "code",
          "name": "Code",
          "renderer": [Function],
        },
        Object {
          "columnWidth": 60,
          "index": 1,
          "key": "description",
          "name": "Description",
          "renderer": [Function],
        },
        Object {
          "columnWidth": 10,
          "index": 2,
          "key": "color",
          "name": "Color",
          "renderer": [Function],
        },
        Object {
          "columnWidth": 10,
          "index": 3,
          "key": "delete",
          "name": "delete",
          "renderer": [Function],
        },
        Object {
          "columnWidth": 10,
          "index": 4,
          "key": "update",
          "name": "update",
          "renderer": [Function],
        },
      ]
    }
    defaultLineHeight={700}
    fixedColumnCount={0}
    options={
      Object {
        "openDeleteTagModal": [Function],
        "openUpdateTagModal": [Function],
      }
    }
    values={Array []}
  />
  <Tagsstyle__FloatingButtonContainer>
    <Button
      disabled={true}
      onClick={[Function]}
    >
      <Loader />
    </Button>
  </Tagsstyle__FloatingButtonContainer>
  <Connect(AddTagModal)
    closeAddTagModal={[Function]}
    id="addTagModal"
    isOpen={false}
  />
  <Connect(UpdateTagModal)
    closeUpdateModal={[Function]}
    id="updateTagModal"
    isOpen={false}
  />
  <Connect(DeleteTagModal)
    closeRemoveTageModal={[Function]}
    id="deleteTagModal"
    isOpen={false}
  />
</Tagsstyle__StyledTags>
`;
