// Jest Snapshot v1, https://goo.gl/fbAQLP

exports[`[Snapshot] <Comments /> should comments page 1`] = `
<Commentsstyle__StyledComments>
  <GenericTable
    columnsConfig={
      Array [
        Object {
          "columnWidth": 450,
          "index": 0,
          "key": "body",
          "name": "Comment",
          "renderer": [Function],
        },
        Object {
          "columnWidth": 300,
          "index": 1,
          "key": "filePath",
          "name": "File",
          "renderer": [Function],
        },
        Object {
          "columnWidth": 200,
          "index": 2,
          "key": "commentor",
          "name": "Commentor",
          "renderer": [Function],
        },
        Object {
          "columnWidth": 200,
          "index": 3,
          "key": "creationDate",
          "name": "Creation Date",
          "renderer": [Function],
        },
        Object {
          "columnWidth": 150,
          "index": 4,
          "key": "url",
          "name": "url",
          "renderer": [Function],
        },
        Object {
          "columnWidth": 150,
          "index": 4,
          "key": "pullRequestUrl",
          "name": "pullRequestUrl",
          "renderer": [Function],
        },
      ]
    }
    defaultLineHeight={700}
    fixedColumnCount={2}
    options={Object {}}
    values={Array []}
  />
  <Commentsstyle__FloatingButtonContainer>
    <Button
      disabled={true}
      onClick={[Function]}
    >
      <Loader />
    </Button>
  </Commentsstyle__FloatingButtonContainer>
</Commentsstyle__StyledComments>
`;
