// Jest Snapshot v1, https://goo.gl/fbAQLP

exports[`[Snapshot] <Tags /> should render Graphs page 1`] = `
<Graphsstyle__StyledGraphs>
  <Doughnut
    data={
      Object {
        "datasets": Array [
          Object {
            "backgroundColor": Array [
              "#000",
            ],
            "data": Array [
              0,
            ],
            "hoverBackgroundColor": Array [
              "#51d",
            ],
          },
        ],
        "labels": Array [
          "⁉️",
        ],
      }
    }
  />
</Graphsstyle__StyledGraphs>
`;
